Archive member included because of file (symbol)

/usr/lib/gcc/avr/4.3.5/avr4/libgcc.a(_exit.o)
                              /usr/lib/gcc/avr/4.3.5/../../../avr/lib/avr4/crtm8.o (exit)
/usr/lib/gcc/avr/4.3.5/avr4/libgcc.a(_copy_data.o)
                              usbdrv.o (__do_copy_data)
/usr/lib/gcc/avr/4.3.5/avr4/libgcc.a(_clear_bss.o)
                              main.o (__do_clear_bss)
/usr/lib/gcc/avr/4.3.5/../../../avr/lib/avr4/libc.a(rand.o)
                              main.o (rand)
/usr/lib/gcc/avr/4.3.5/avr4/libgcc.a(_mulsi3.o)
                              /usr/lib/gcc/avr/4.3.5/../../../avr/lib/avr4/libc.a(rand.o) (__mulsi3)
/usr/lib/gcc/avr/4.3.5/avr4/libgcc.a(_divmodsi4.o)
                              /usr/lib/gcc/avr/4.3.5/../../../avr/lib/avr4/libc.a(rand.o) (__divmodsi4)
/usr/lib/gcc/avr/4.3.5/avr4/libgcc.a(_prologue.o)
                              /usr/lib/gcc/avr/4.3.5/../../../avr/lib/avr4/libc.a(rand.o) (__prologue_saves__)
/usr/lib/gcc/avr/4.3.5/avr4/libgcc.a(_epilogue.o)
                              /usr/lib/gcc/avr/4.3.5/../../../avr/lib/avr4/libc.a(rand.o) (__epilogue_restores__)
/usr/lib/gcc/avr/4.3.5/avr4/libgcc.a(_udivmodsi4.o)
                              /usr/lib/gcc/avr/4.3.5/avr4/libgcc.a(_divmodsi4.o) (__udivmodsi4)

Allocating common symbols
Common symbol       size              file

usbTxBuf            0xb               usbdrv.o
usbTxBuf1           0xb               usbdrv.o
usbDeviceAddr       0x1               usbdrv.o
usbRxToken          0x1               usbdrv.o
usbInputBufOffset   0x1               usbdrv.o
usbMsgPtr           0x2               usbdrv.o
usbRxLen            0x1               usbdrv.o
usbNewDeviceAddr    0x1               usbdrv.o
usbCurrentTok       0x1               usbdrv.o
usbConfiguration    0x1               usbdrv.o
usbRxBuf            0x16              usbdrv.o

Memory Configuration

Name             Origin             Length             Attributes
text             0x00000000         0x00002000         xr
data             0x00800060         0x0000ffa0         rw !x
eeprom           0x00810000         0x00010000         rw !x
fuse             0x00820000         0x00000400         rw !x
lock             0x00830000         0x00000400         rw !x
signature        0x00840000         0x00000400         rw !x
*default*        0x00000000         0xffffffff

Linker script and memory map

LOAD /usr/lib/gcc/avr/4.3.5/../../../avr/lib/avr4/crtm8.o
LOAD main.o
LOAD oddebug.o
LOAD usbdrv.o
LOAD usbdrvasm.o
LOAD /usr/lib/gcc/avr/4.3.5/avr4/libgcc.a
LOAD /usr/lib/gcc/avr/4.3.5/../../../avr/lib/avr4/libc.a
LOAD /usr/lib/gcc/avr/4.3.5/avr4/libgcc.a

.hash
 *(.hash)

.dynsym
 *(.dynsym)

.dynstr
 *(.dynstr)

.gnu.version
 *(.gnu.version)

.gnu.version_d
 *(.gnu.version_d)

.gnu.version_r
 *(.gnu.version_r)

.rel.init
 *(.rel.init)

.rela.init
 *(.rela.init)

.rel.text
 *(.rel.text)
 *(.rel.text.*)
 *(.rel.gnu.linkonce.t*)

.rela.text
 *(.rela.text)
 *(.rela.text.*)
 *(.rela.gnu.linkonce.t*)

.rel.fini
 *(.rel.fini)

.rela.fini
 *(.rela.fini)

.rel.rodata
 *(.rel.rodata)
 *(.rel.rodata.*)
 *(.rel.gnu.linkonce.r*)

.rela.rodata
 *(.rela.rodata)
 *(.rela.rodata.*)
 *(.rela.gnu.linkonce.r*)

.rel.data
 *(.rel.data)
 *(.rel.data.*)
 *(.rel.gnu.linkonce.d*)

.rela.data
 *(.rela.data)
 *(.rela.data.*)
 *(.rela.gnu.linkonce.d*)

.rel.ctors
 *(.rel.ctors)

.rela.ctors
 *(.rela.ctors)

.rel.dtors
 *(.rel.dtors)

.rela.dtors
 *(.rela.dtors)

.rel.got
 *(.rel.got)

.rela.got
 *(.rela.got)

.rel.bss
 *(.rel.bss)

.rela.bss
 *(.rela.bss)

.rel.plt
 *(.rel.plt)

.rela.plt
 *(.rela.plt)

.text           0x00000000      0xb08
 *(.vectors)
 .vectors       0x00000000       0x26 /usr/lib/gcc/avr/4.3.5/../../../avr/lib/avr4/crtm8.o
                0x00000000                __vectors
                0x00000000                __vector_default
 *(.vectors)
 *(.progmem.gcc*)
 *(.progmem*)
 .progmem.data  0x00000026       0x23 main.o
                0x00000026                usbDescriptorHidReport
 .progmem.data  0x00000049       0x72 usbdrv.o
                0x00000049                usbDescriptorString0
                0x0000004d                usbDescriptorStringVendor
                0x00000071                usbDescriptorStringDevice
                0x00000087                usbDescriptorDevice
                0x00000099                usbDescriptorConfiguration
                0x000000bc                . = ALIGN (0x2)
 *fill*         0x000000bb        0x1 00
                0x000000bc                __trampolines_start = .
 *(.trampolines)
 .trampolines   0x000000bc        0x0 linker stubs
 *(.trampolines*)
                0x000000bc                __trampolines_end = .
 *(.jumptables)
 *(.jumptables*)
 *(.lowtext)
 *(.lowtext*)
                0x000000bc                __ctors_start = .
 *(.ctors)
                0x000000bc                __ctors_end = .
                0x000000bc                __dtors_start = .
 *(.dtors)
                0x000000bc                __dtors_end = .
 SORT(*)(.ctors)
 SORT(*)(.dtors)
 *(.init0)
 .init0         0x000000bc        0x0 /usr/lib/gcc/avr/4.3.5/../../../avr/lib/avr4/crtm8.o
                0x000000bc                __init
 *(.init0)
 *(.init1)
 *(.init1)
 *(.init2)
 .init2         0x000000bc        0xc /usr/lib/gcc/avr/4.3.5/../../../avr/lib/avr4/crtm8.o
 *(.init2)
 *(.init3)
 *(.init3)
 *(.init4)
 .init4         0x000000c8       0x16 /usr/lib/gcc/avr/4.3.5/avr4/libgcc.a(_copy_data.o)
                0x000000c8                __do_copy_data
 .init4         0x000000de       0x10 /usr/lib/gcc/avr/4.3.5/avr4/libgcc.a(_clear_bss.o)
                0x000000de                __do_clear_bss
 *(.init4)
 *(.init5)
 *(.init5)
 *(.init6)
 *(.init6)
 *(.init7)
 *(.init7)
 *(.init8)
 *(.init8)
 *(.init9)
 .init9         0x000000ee        0x4 /usr/lib/gcc/avr/4.3.5/../../../avr/lib/avr4/crtm8.o
 *(.init9)
 *(.text)
 .text          0x000000f2        0x2 /usr/lib/gcc/avr/4.3.5/../../../avr/lib/avr4/crtm8.o
                0x000000f2                __vector_12
                0x000000f2                __bad_interrupt
                0x000000f2                __vector_6
                0x000000f2                __vector_3
                0x000000f2                __vector_11
                0x000000f2                __vector_13
                0x000000f2                __vector_17
                0x000000f2                __vector_7
                0x000000f2                __vector_5
                0x000000f2                __vector_4
                0x000000f2                __vector_9
                0x000000f2                __vector_2
                0x000000f2                __vector_15
                0x000000f2                __vector_8
                0x000000f2                __vector_14
                0x000000f2                __vector_10
                0x000000f2                __vector_16
                0x000000f2                __vector_18
 .text          0x000000f4      0x296 main.o
                0x000000f4                prng
                0x0000026e                main
                0x00000342                usbFunctionSetup
 .text          0x0000038a        0x0 oddebug.o
 .text          0x0000038a      0x292 usbdrv.o
                0x0000038a                usbInit
                0x0000039e                usbPoll
                0x000005d6                usbSetInterrupt
 .text          0x0000061c      0x310 usbdrvasm.o
                0x0000061c                usbCrc16
                0x00000646                usbCrc16Append
                0x0000064e                usbMeasureFrameLength
                0x00000674                __vector_1
 .text          0x0000092c        0x0 /usr/lib/gcc/avr/4.3.5/avr4/libgcc.a(_exit.o)
 .text          0x0000092c        0x0 /usr/lib/gcc/avr/4.3.5/avr4/libgcc.a(_copy_data.o)
 .text          0x0000092c        0x0 /usr/lib/gcc/avr/4.3.5/avr4/libgcc.a(_clear_bss.o)
 .text          0x0000092c        0x0 /usr/lib/gcc/avr/4.3.5/../../../avr/lib/avr4/libc.a(rand.o)
 .text          0x0000092c        0x0 /usr/lib/gcc/avr/4.3.5/avr4/libgcc.a(_mulsi3.o)
 .text          0x0000092c        0x0 /usr/lib/gcc/avr/4.3.5/avr4/libgcc.a(_divmodsi4.o)
 .text          0x0000092c        0x0 /usr/lib/gcc/avr/4.3.5/avr4/libgcc.a(_prologue.o)
 .text          0x0000092c        0x0 /usr/lib/gcc/avr/4.3.5/avr4/libgcc.a(_epilogue.o)
 .text          0x0000092c        0x0 /usr/lib/gcc/avr/4.3.5/avr4/libgcc.a(_udivmodsi4.o)
                0x0000092c                . = ALIGN (0x2)
 *(.text.*)
 .text.libgcc   0x0000092c        0x0 /usr/lib/gcc/avr/4.3.5/avr4/libgcc.a(_exit.o)
 .text.libgcc   0x0000092c        0x0 /usr/lib/gcc/avr/4.3.5/avr4/libgcc.a(_copy_data.o)
 .text.libgcc   0x0000092c        0x0 /usr/lib/gcc/avr/4.3.5/avr4/libgcc.a(_clear_bss.o)
 .text.avr-libc
                0x0000092c       0xb2 /usr/lib/gcc/avr/4.3.5/../../../avr/lib/avr4/libc.a(rand.o)
                0x000009bc                rand_r
                0x000009c0                rand
                0x000009c8                srand
 .text.libgcc   0x000009de       0x3e /usr/lib/gcc/avr/4.3.5/avr4/libgcc.a(_mulsi3.o)
                0x000009de                __mulsi3
 .text.libgcc   0x00000a1c       0x36 /usr/lib/gcc/avr/4.3.5/avr4/libgcc.a(_divmodsi4.o)
                0x00000a1c                __divmodsi4
 .text.libgcc   0x00000a52       0x38 /usr/lib/gcc/avr/4.3.5/avr4/libgcc.a(_prologue.o)
                0x00000a52                __prologue_saves__
 .text.libgcc   0x00000a8a       0x36 /usr/lib/gcc/avr/4.3.5/avr4/libgcc.a(_epilogue.o)
                0x00000a8a                __epilogue_restores__
 .text.libgcc   0x00000ac0       0x44 /usr/lib/gcc/avr/4.3.5/avr4/libgcc.a(_udivmodsi4.o)
                0x00000ac0                __udivmodsi4
                0x00000b04                . = ALIGN (0x2)
 *(.fini9)
 .fini9         0x00000b04        0x0 /usr/lib/gcc/avr/4.3.5/avr4/libgcc.a(_exit.o)
                0x00000b04                exit
                0x00000b04                _exit
 *(.fini9)
 *(.fini8)
 *(.fini8)
 *(.fini7)
 *(.fini7)
 *(.fini6)
 *(.fini6)
 *(.fini5)
 *(.fini5)
 *(.fini4)
 *(.fini4)
 *(.fini3)
 *(.fini3)
 *(.fini2)
 *(.fini2)
 *(.fini1)
 *(.fini1)
 *(.fini0)
 .fini0         0x00000b04        0x4 /usr/lib/gcc/avr/4.3.5/avr4/libgcc.a(_exit.o)
 *(.fini0)
                0x00000b08                _etext = .

.data           0x00800060        0x8 load address 0x00000b08
                0x00800060                PROVIDE (__data_start, .)
 *(.data)
 .data          0x00800060        0x0 /usr/lib/gcc/avr/4.3.5/../../../avr/lib/avr4/crtm8.o
 .data          0x00800060        0x0 main.o
 .data          0x00800060        0x0 oddebug.o
 .data          0x00800060        0x3 usbdrv.o
                0x00800060                usbMsgLen
                0x00800061                usbTxLen
                0x00800062                usbTxLen1
 .data          0x00800063        0x0 usbdrvasm.o
 .data          0x00800063        0x0 /usr/lib/gcc/avr/4.3.5/avr4/libgcc.a(_exit.o)
 .data          0x00800063        0x0 /usr/lib/gcc/avr/4.3.5/avr4/libgcc.a(_copy_data.o)
 .data          0x00800063        0x0 /usr/lib/gcc/avr/4.3.5/avr4/libgcc.a(_clear_bss.o)
 .data          0x00800063        0x4 /usr/lib/gcc/avr/4.3.5/../../../avr/lib/avr4/libc.a(rand.o)
 .data          0x00800067        0x0 /usr/lib/gcc/avr/4.3.5/avr4/libgcc.a(_mulsi3.o)
 .data          0x00800067        0x0 /usr/lib/gcc/avr/4.3.5/avr4/libgcc.a(_divmodsi4.o)
 .data          0x00800067        0x0 /usr/lib/gcc/avr/4.3.5/avr4/libgcc.a(_prologue.o)
 .data          0x00800067        0x0 /usr/lib/gcc/avr/4.3.5/avr4/libgcc.a(_epilogue.o)
 .data          0x00800067        0x0 /usr/lib/gcc/avr/4.3.5/avr4/libgcc.a(_udivmodsi4.o)
 *(.data*)
 *(.rodata)
 *(.rodata*)
 *(.gnu.linkonce.d*)
                0x00800068                . = ALIGN (0x2)
 *fill*         0x00800067        0x1 00
                0x00800068                _edata = .
                0x00800068                PROVIDE (__data_end, .)

.bss            0x00800068       0x3f
                0x00800068                PROVIDE (__bss_start, .)
 *(.bss)
 .bss           0x00800068        0x0 /usr/lib/gcc/avr/4.3.5/../../../avr/lib/avr4/crtm8.o
 .bss           0x00800068        0x9 main.o
 .bss           0x00800071        0x0 oddebug.o
 .bss           0x00800071        0x1 usbdrv.o
 .bss           0x00800072        0x0 usbdrvasm.o
 .bss           0x00800072        0x0 /usr/lib/gcc/avr/4.3.5/avr4/libgcc.a(_exit.o)
 .bss           0x00800072        0x0 /usr/lib/gcc/avr/4.3.5/avr4/libgcc.a(_copy_data.o)
 .bss           0x00800072        0x0 /usr/lib/gcc/avr/4.3.5/avr4/libgcc.a(_clear_bss.o)
 .bss           0x00800072        0x0 /usr/lib/gcc/avr/4.3.5/../../../avr/lib/avr4/libc.a(rand.o)
 .bss           0x00800072        0x0 /usr/lib/gcc/avr/4.3.5/avr4/libgcc.a(_mulsi3.o)
 .bss           0x00800072        0x0 /usr/lib/gcc/avr/4.3.5/avr4/libgcc.a(_divmodsi4.o)
 .bss           0x00800072        0x0 /usr/lib/gcc/avr/4.3.5/avr4/libgcc.a(_prologue.o)
 .bss           0x00800072        0x0 /usr/lib/gcc/avr/4.3.5/avr4/libgcc.a(_epilogue.o)
 .bss           0x00800072        0x0 /usr/lib/gcc/avr/4.3.5/avr4/libgcc.a(_udivmodsi4.o)
 *(.bss*)
 *(COMMON)
 COMMON         0x00800072       0x35 usbdrv.o
                0x00800072                usbTxBuf
                0x0080007d                usbTxBuf1
                0x00800088                usbDeviceAddr
                0x00800089                usbRxToken
                0x0080008a                usbInputBufOffset
                0x0080008b                usbMsgPtr
                0x0080008d                usbRxLen
                0x0080008e                usbNewDeviceAddr
                0x0080008f                usbCurrentTok
                0x00800090                usbConfiguration
                0x00800091                usbRxBuf
                0x008000a7                PROVIDE (__bss_end, .)
                0x00000b08                __data_load_start = LOADADDR (.data)
                0x00000b10                __data_load_end = (__data_load_start + SIZEOF (.data))

.noinit         0x008000a7        0x0
                0x008000a7                PROVIDE (__noinit_start, .)
 *(.noinit*)
                0x008000a7                PROVIDE (__noinit_end, .)
                0x008000a7                _end = .
                0x008000a7                PROVIDE (__heap_start, .)

.eeprom         0x00810000        0x0
 *(.eeprom*)
                0x00810000                __eeprom_end = .

.fuse
 *(.fuse)
 *(.lfuse)
 *(.hfuse)
 *(.efuse)

.lock
 *(.lock*)

.signature
 *(.signature*)

.stab           0x00000000      0x9e4
 *(.stab)
 .stab          0x00000000      0x6b4 /usr/lib/gcc/avr/4.3.5/../../../avr/lib/avr4/crtm8.o
 .stab          0x000006b4      0x330 /usr/lib/gcc/avr/4.3.5/../../../avr/lib/avr4/libc.a(rand.o)
                                0x33c (size before relaxing)

.stabstr        0x00000000      0x49a
 *(.stabstr)
 .stabstr       0x00000000      0x49a /usr/lib/gcc/avr/4.3.5/../../../avr/lib/avr4/crtm8.o

.stab.excl
 *(.stab.excl)

.stab.exclstr
 *(.stab.exclstr)

.stab.index
 *(.stab.index)

.stab.indexstr
 *(.stab.indexstr)

.comment
 *(.comment)

.debug
 *(.debug)

.line
 *(.line)

.debug_srcinfo
 *(.debug_srcinfo)

.debug_sfnames
 *(.debug_sfnames)

.debug_aranges  0x00000000       0x60
 *(.debug_aranges)
 .debug_aranges
                0x00000000       0x20 main.o
 .debug_aranges
                0x00000020       0x20 usbdrv.o
 .debug_aranges
                0x00000040       0x20 usbdrvasm.o

.debug_pubnames
                0x00000000      0x1fd
 *(.debug_pubnames)
 .debug_pubnames
                0x00000000       0x54 main.o
 .debug_pubnames
                0x00000054      0x1a9 usbdrv.o

.debug_info     0x00000000      0xb47
 *(.debug_info)
 .debug_info    0x00000000      0x372 main.o
 .debug_info    0x00000372       0x5e oddebug.o
 .debug_info    0x000003d0      0x6d8 usbdrv.o
 .debug_info    0x00000aa8       0x9f usbdrvasm.o
 *(.gnu.linkonce.wi.*)

.debug_abbrev   0x00000000      0x4aa
 *(.debug_abbrev)
 .debug_abbrev  0x00000000      0x20f main.o
 .debug_abbrev  0x0000020f       0x2a oddebug.o
 .debug_abbrev  0x00000239      0x25d usbdrv.o
 .debug_abbrev  0x00000496       0x14 usbdrvasm.o

.debug_line     0x00000000      0x885
 *(.debug_line)
 .debug_line    0x00000000      0x312 main.o
 .debug_line    0x00000312       0x3e oddebug.o
 .debug_line    0x00000350      0x345 usbdrv.o
 .debug_line    0x00000695      0x1f0 usbdrvasm.o

.debug_frame    0x00000000       0x90
 *(.debug_frame)
 .debug_frame   0x00000000       0x50 main.o
 .debug_frame   0x00000050       0x40 usbdrv.o

.debug_str      0x00000000      0x455
 *(.debug_str)
 .debug_str     0x00000000      0x20a main.o
                                0x24c (size before relaxing)
 .debug_str     0x0000020a       0x14 oddebug.o
                                 0xe8 (size before relaxing)
 .debug_str     0x0000021e      0x237 usbdrv.o
                                0x3ab (size before relaxing)

.debug_loc      0x00000000      0x528
 *(.debug_loc)
 .debug_loc     0x00000000      0x13e main.o
 .debug_loc     0x0000013e      0x3ea usbdrv.o

.debug_macinfo
 *(.debug_macinfo)
OUTPUT(Haunted-USB.elf elf32-avr)
LOAD linker stubs

.debug_ranges   0x00000000       0x80
 .debug_ranges  0x00000000       0x18 main.o
 .debug_ranges  0x00000018       0x68 usbdrv.o
